   Creating an optimized production build...
node.exe : Browserslist: 
caniuse-lite is outdated. 
Please run:
At C:\Program 
Files\nodejs\npx.ps1:29 
char:3
+   & $NODE_EXE 
$NPX_CLI_JS $args
+   ~~~~~~~~~~~~~~~~~~~~~~
~~~~~~~
    + CategoryInfo        
      : NotSpecified: (B  
  rowserslist: c...ed.    
 Please run::String) [    
], RemoteException
    + FullyQualifiedError 
   Id : NativeCommandErr  
  or
 
  npx update-browserslist-
db@latest
  Why you should do it 
regularly: https://github.
com/browserslist/update-db
#readme
 Γ£ô Compiled successfully
   Linting and checking validity of types...

Failed to compile.

./components/DetailedProdu
ctView/index.tsx
186:62  Error: `'` can be 
escaped with `&apos;`, 
`&lsquo;`, `&#39;`, 
`&rsquo;`.  react/no-unesc
aped-entities

info  - Need to disable 
some ESLint rules? Learn 
more here: https://nextjs.
org/docs/basic-features/es
lint#disabling-rules
